context preflight [213/2133]
context preflight [426/2133]
context preflight [639/2133]
context preflight [852/2133]
context preflight [1065/2133]
context preflight [1278/2133]
context preflight [1491/2133]
context preflight [1704/2133]
context preflight [1917/2133]
context preflight [2130/2133]
context preflight [2133/2133]
[106/2133] parse=1.000 accuracy=0.925 errors=0.000
[212/2133] parse=1.000 accuracy=0.929 errors=0.000
[318/2133] parse=1.000 accuracy=0.928 errors=0.000
[424/2133] parse=1.000 accuracy=0.925 errors=0.000
[530/2133] parse=1.000 accuracy=0.930 errors=0.051
[636/2133] parse=1.000 accuracy=0.929 errors=0.042
[742/2133] parse=1.000 accuracy=0.936 errors=0.036
[848/2133] parse=1.000 accuracy=0.942 errors=0.032
[954/2133] parse=1.000 accuracy=0.941 errors=0.028
[1060/2133] parse=1.000 accuracy=0.939 errors=0.025
[1166/2133] parse=1.000 accuracy=0.944 errors=0.023
[1272/2133] parse=1.000 accuracy=0.945 errors=0.021
[1378/2133] parse=1.000 accuracy=0.948 errors=0.020
[1484/2133] parse=1.000 accuracy=0.942 errors=0.018
[1590/2133] parse=1.000 accuracy=0.943 errors=0.017
[1696/2133] parse=1.000 accuracy=0.945 errors=0.016
[1802/2133] parse=1.000 accuracy=0.946 errors=0.015
[1908/2133] parse=1.000 accuracy=0.947 errors=0.014
[2014/2133] parse=1.000 accuracy=0.949 errors=0.013
[2120/2133] parse=1.000 accuracy=0.949 errors=0.013
[2133/2133] parse=1.000 accuracy=0.950 errors=0.013
{
  "accuracy": 0.949667616334283,
  "arm": "ALL",
  "arm_order_policy": "balanced_by_opaque_incident_hash",
  "avg_input_tokens": 1166.738841405508,
  "avg_output_tokens": 17.12630579297246,
  "avg_wall_time_s": 1.1886276459535416,
  "completed_calls": 2106,
  "context_preflight": {
    "excluded_incident_count": 1,
    "excluded_incidents": [
      "INC-2B2A0F21FD18"
    ],
    "exclusion_fraction": 0.011111111111111112,
    "max_model_len": 32768,
    "max_tokens": 16384,
    "maximum_exclusion_fraction": 0.05,
    "model": "gemma-4-26b-a4b",
    "overflowing_calls": [
      {
        "arm": "H",
        "input_tokens": 16719,
        "max_model_len": 32768,
        "max_tokens": 16384,
        "opaque_incident_id": "INC-2B2A0F21FD18",
        "query_id": "Q-78610C4585C69AF7"
      },
      {
        "arm": "T",
        "input_tokens": 16443,
        "max_model_len": 32768,
        "max_tokens": 16384,
        "opaque_incident_id": "INC-2B2A0F21FD18",
        "query_id": "Q-78610C4585C69AF7"
      }
    ],
    "policy": "one_overflow_excludes_complete_incident_without_replacement",
    "requested_incidents": 90,
    "schema_version": "RQ1ContextPreflightV1",
    "status": "passed_with_paired_exclusions"
  },
  "elapsed_wall_time_s": 2505.663445711136,
  "error_rate": 0.012658227848101266,
  "experiment_config_hash": "490ad3aac62908c1ddd4abb4bbbe15f27845a61faf8a759fcbb7f9331b8d8803",
  "experiment_id": "rq1b_visops_independent_gate_v2",
  "infrastructure_errors": 27,
  "model": "gemma-4-26b-a4b",
  "parse_rate": 1.0,
  "per_arm": {
    "H": {
      "accuracy": 0.9686609686609686,
      "avg_input_tokens": 1677.2321937321938,
      "avg_output_tokens": 16.645299145299145,
      "avg_wall_time_s": 1.3727994756481248,
      "completed_calls": 702,
      "error_rate": 0.012658227848101266,
      "infrastructure_errors": 9,
      "parse_rate": 1.0,
      "requested_calls": 711
    },
    "T": {
      "accuracy": 0.9743589743589743,
      "avg_input_tokens": 1400.9786324786326,
      "avg_output_tokens": 16.656695156695157,
      "avg_wall_time_s": 1.1177316724065363,
      "completed_calls": 702,
      "error_rate": 0.012658227848101266,
      "infrastructure_errors": 9,
      "parse_rate": 1.0,
      "requested_calls": 711
    },
    "V": {
      "accuracy": 0.905982905982906,
      "avg_input_tokens": 422.005698005698,
      "avg_output_tokens": 18.076923076923077,
      "avg_wall_time_s": 1.075351789805964,
      "completed_calls": 702,
      "error_rate": 0.012658227848101266,
      "infrastructure_errors": 9,
      "parse_rate": 1.0,
      "requested_calls": 711
    }
  },
  "requested_calls": 2133,
  "roster_assignment_hash": "e754ca3e991cd8de940c450ab0b22e3854950181deee51dc4f64f85c8bae77e5",
  "roster_contract_hash": "7d905842e21376a8bb74617a35dc2555e519391f43f8cd35d2219046e3763a7b",
  "schema_version": "RQ1VisOpsCellSummaryV1"
}
