context preflight [212/2124]
context preflight [424/2124]
context preflight [636/2124]
context preflight [848/2124]
context preflight [1060/2124]
context preflight [1272/2124]
context preflight [1484/2124]
context preflight [1696/2124]
context preflight [1908/2124]
context preflight [2120/2124]
context preflight [2124/2124]
[106/2124] parse=0.887 accuracy=0.736 errors=0.000
[212/2124] parse=0.896 accuracy=0.745 errors=0.000
[318/2124] parse=0.906 accuracy=0.761 errors=0.000
[424/2124] parse=0.913 accuracy=0.755 errors=0.000
[530/2124] parse=0.919 accuracy=0.755 errors=0.000
[636/2124] parse=0.918 accuracy=0.745 errors=0.000
[742/2124] parse=0.916 accuracy=0.747 errors=0.000
[848/2124] parse=0.922 accuracy=0.745 errors=0.000
[954/2124] parse=0.921 accuracy=0.739 errors=0.000
[1060/2124] parse=0.922 accuracy=0.735 errors=0.000
[1166/2124] parse=0.925 accuracy=0.739 errors=0.000
[1272/2124] parse=0.926 accuracy=0.743 errors=0.000
[1378/2124] parse=0.921 accuracy=0.739 errors=0.000
[1484/2124] parse=0.919 accuracy=0.740 errors=0.000
[1590/2124] parse=0.921 accuracy=0.742 errors=0.000
[1696/2124] parse=0.920 accuracy=0.744 errors=0.000
[1802/2124] parse=0.920 accuracy=0.741 errors=0.000
[1908/2124] parse=0.920 accuracy=0.737 errors=0.000
[2014/2124] parse=0.920 accuracy=0.738 errors=0.000
[2120/2124] parse=0.922 accuracy=0.739 errors=0.000
[2124/2124] parse=0.922 accuracy=0.740 errors=0.000
{
  "accuracy": 0.7396421845574388,
  "arm": "ALL",
  "arm_order_policy": "balanced_by_opaque_incident_hash",
  "avg_input_tokens": 1151.8469868173258,
  "avg_output_tokens": 124.11252354048965,
  "avg_wall_time_s": 4.676387602102061,
  "completed_calls": 2124,
  "elapsed_wall_time_s": 9934.893861293793,
  "error_rate": 0.0,
  "experiment_config_hash": "bfe7632648473a1ddd1a9798de1cb20bf889f09f325e7a79ea5189dd1899e9fc",
  "experiment_id": "rq1b_visops_mapping_v1",
  "infrastructure_errors": 0,
  "model": "gemma-4-26b-a4b",
  "parse_rate": 0.9218455743879472,
  "per_arm": {
    "H": {
      "accuracy": 0.7824858757062146,
      "avg_input_tokens": 1676.9420903954801,
      "avg_output_tokens": 100.94774011299435,
      "avg_wall_time_s": 4.397265453459853,
      "completed_calls": 708,
      "error_rate": 0.0,
      "infrastructure_errors": 0,
      "parse_rate": 0.9350282485875706,
      "requested_calls": 708
    },
    "T": {
      "accuracy": 0.7796610169491526,
      "avg_input_tokens": 1400.6878531073446,
      "avg_output_tokens": 207.7584745762712,
      "avg_wall_time_s": 7.083293569290031,
      "completed_calls": 708,
      "error_rate": 0.0,
      "infrastructure_errors": 0,
      "parse_rate": 0.8940677966101694,
      "requested_calls": 708
    },
    "V": {
      "accuracy": 0.6567796610169492,
      "avg_input_tokens": 377.91101694915255,
      "avg_output_tokens": 63.63135593220339,
      "avg_wall_time_s": 2.548603783556297,
      "completed_calls": 708,
      "error_rate": 0.0,
      "infrastructure_errors": 0,
      "parse_rate": 0.9364406779661016,
      "requested_calls": 708
    }
  },
  "requested_calls": 2124,
  "roster_assignment_hash": "8b1557ac619f33c13546b94f29a4332747ca1ad52e01d581c0114381300e3b7b",
  "roster_contract_hash": "388f010edbf90da9cef0e62cd2e9ebcccdf4738861248831cb068d5f27686d9f",
  "schema_version": "RQ1VisOpsCellSummaryV1"
}
