context preflight [109/1098]
context preflight [218/1098]
context preflight [327/1098]
context preflight [436/1098]
context preflight [545/1098]
context preflight [654/1098]
context preflight [763/1098]
context preflight [872/1098]
context preflight [981/1098]
context preflight [1090/1098]
context preflight [1098/1098]
[54/1098] parse=1.000 accuracy=0.741 errors=0.000
[108/1098] parse=1.000 accuracy=0.750 errors=0.000
[162/1098] parse=1.000 accuracy=0.790 errors=0.000
[216/1098] parse=1.000 accuracy=0.773 errors=0.000
[270/1098] parse=1.000 accuracy=0.767 errors=0.000
[324/1098] parse=1.000 accuracy=0.769 errors=0.000
[378/1098] parse=1.000 accuracy=0.778 errors=0.000
[432/1098] parse=1.000 accuracy=0.769 errors=0.000
[486/1098] parse=1.000 accuracy=0.761 errors=0.000
[540/1098] parse=1.000 accuracy=0.759 errors=0.000
[594/1098] parse=1.000 accuracy=0.751 errors=0.000
[648/1098] parse=1.000 accuracy=0.761 errors=0.000
[702/1098] parse=1.000 accuracy=0.752 errors=0.000
[756/1098] parse=1.000 accuracy=0.754 errors=0.000
[810/1098] parse=1.000 accuracy=0.756 errors=0.000
[864/1098] parse=1.000 accuracy=0.756 errors=0.000
[918/1098] parse=1.000 accuracy=0.753 errors=0.000
[972/1098] parse=1.000 accuracy=0.752 errors=0.000
[1026/1098] parse=1.000 accuracy=0.751 errors=0.000
[1080/1098] parse=1.000 accuracy=0.752 errors=0.000
[1098/1098] parse=1.000 accuracy=0.755 errors=0.000
{
  "accuracy": 0.7550091074681239,
  "arm": "ALL",
  "arm_order_policy": "balanced_by_opaque_incident_hash",
  "avg_input_tokens": 1130.8852459016393,
  "avg_output_tokens": 15.601092896174864,
  "avg_wall_time_s": 1.1716862656379659,
  "completed_calls": 1098,
  "context_preflight": {
    "excluded_incident_count": 0,
    "excluded_incidents": [],
    "exclusion_fraction": 0.0,
    "max_model_len": 32768,
    "max_tokens": 16384,
    "maximum_exclusion_fraction": 0.05,
    "model": "gemma-4-26b-a4b",
    "overflowing_calls": [],
    "policy": "one_overflow_excludes_complete_incident_without_replacement",
    "requested_incidents": 90,
    "schema_version": "RQ1ContextPreflightV1",
    "status": "passed"
  },
  "elapsed_wall_time_s": 1287.7433848381042,
  "error_rate": 0.0,
  "experiment_config_hash": "04855cad493477e761a11f5e87decd6063bf9f7fba3aab01a68d0ed230980b96",
  "experiment_id": "rq1b2_compositional_development_v1",
  "infrastructure_errors": 0,
  "model": "gemma-4-26b-a4b",
  "parse_rate": 1.0,
  "per_arm": {
    "H": {
      "accuracy": 0.825136612021858,
      "avg_input_tokens": 1614.6174863387978,
      "avg_output_tokens": 15.693989071038251,
      "avg_wall_time_s": 1.3592004665260107,
      "completed_calls": 366,
      "error_rate": 0.0,
      "infrastructure_errors": 0,
      "parse_rate": 1.0,
      "requested_calls": 366
    },
    "T": {
      "accuracy": 0.8169398907103825,
      "avg_input_tokens": 1334.377049180328,
      "avg_output_tokens": 15.3551912568306,
      "avg_wall_time_s": 1.12579012177681,
      "completed_calls": 366,
      "error_rate": 0.0,
      "infrastructure_errors": 0,
      "parse_rate": 1.0,
      "requested_calls": 366
    },
    "V": {
      "accuracy": 0.6229508196721312,
      "avg_input_tokens": 443.6612021857924,
      "avg_output_tokens": 15.754098360655737,
      "avg_wall_time_s": 1.0300682086110766,
      "completed_calls": 366,
      "error_rate": 0.0,
      "infrastructure_errors": 0,
      "parse_rate": 1.0,
      "requested_calls": 366
    }
  },
  "requested_calls": 1098,
  "roster_assignment_hash": "009dc3049e343ae3dd8b6b68a5ae42df9a16ed6d168ccc257e7716921d9e8c52",
  "roster_contract_hash": "ad00927808f52ad34eee9044696c12a9903a52240e2627fdbac71f34f961d968",
  "schema_version": "RQ1VisOpsCellSummaryV1"
}
