context preflight [7/75]
context preflight [14/75]
context preflight [21/75]
context preflight [28/75]
context preflight [35/75]
context preflight [42/75]
context preflight [49/75]
context preflight [56/75]
context preflight [63/75]
context preflight [70/75]
context preflight [75/75]
[3/75] parse=0.667 accuracy=0.667 errors=0.000
[6/75] parse=0.667 accuracy=0.667 errors=0.000
[9/75] parse=0.778 accuracy=0.778 errors=0.000
[12/75] parse=0.750 accuracy=0.750 errors=0.000
[15/75] parse=0.733 accuracy=0.733 errors=0.000
[18/75] parse=0.778 accuracy=0.778 errors=0.000
[21/75] parse=0.810 accuracy=0.714 errors=0.000
[24/75] parse=0.833 accuracy=0.708 errors=0.000
[27/75] parse=0.852 accuracy=0.704 errors=0.000
[30/75] parse=0.867 accuracy=0.700 errors=0.000
[33/75] parse=0.879 accuracy=0.727 errors=0.000
[36/75] parse=0.889 accuracy=0.722 errors=0.000
[39/75] parse=0.897 accuracy=0.692 errors=0.000
[42/75] parse=0.905 accuracy=0.690 errors=0.000
[45/75] parse=0.911 accuracy=0.711 errors=0.000
[48/75] parse=0.917 accuracy=0.708 errors=0.000
[51/75] parse=0.922 accuracy=0.725 errors=0.000
[54/75] parse=0.926 accuracy=0.741 errors=0.000
[57/75] parse=0.930 accuracy=0.737 errors=0.000
[60/75] parse=0.933 accuracy=0.750 errors=0.000
[63/75] parse=0.937 accuracy=0.730 errors=0.000
[66/75] parse=0.939 accuracy=0.727 errors=0.000
[69/75] parse=0.942 accuracy=0.739 errors=0.000
[72/75] parse=0.931 accuracy=0.736 errors=0.000
[75/75] parse=0.933 accuracy=0.747 errors=0.000
{
  "accuracy": 0.7466666666666667,
  "arm": "ALL",
  "arm_order_policy": "balanced_by_opaque_incident_hash",
  "avg_input_tokens": 1144.2933333333333,
  "avg_output_tokens": 91.88,
  "avg_wall_time_s": 3.5089898268381754,
  "completed_calls": 75,
  "elapsed_wall_time_s": 263.24820709228516,
  "error_rate": 0.0,
  "experiment_config_hash": "f54fd495ba51554023b3b74b2f2cc303ff9ea84bb4e456cb9acf8a5f51e64337",
  "experiment_id": "rq1b_visops_smoke_v1",
  "infrastructure_errors": 0,
  "model": "gemma-4-26b-a4b",
  "parse_rate": 0.9333333333333333,
  "per_arm": {
    "H": {
      "accuracy": 0.8,
      "avg_input_tokens": 1666.8,
      "avg_output_tokens": 68.2,
      "avg_wall_time_s": 3.1116972732543946,
      "completed_calls": 25,
      "error_rate": 0.0,
      "infrastructure_errors": 0,
      "parse_rate": 0.92,
      "requested_calls": 25
    },
    "T": {
      "accuracy": 0.84,
      "avg_input_tokens": 1390.56,
      "avg_output_tokens": 173.4,
      "avg_wall_time_s": 6.056691770553589,
      "completed_calls": 25,
      "error_rate": 0.0,
      "infrastructure_errors": 0,
      "parse_rate": 0.88,
      "requested_calls": 25
    },
    "V": {
      "accuracy": 0.6,
      "avg_input_tokens": 375.52,
      "avg_output_tokens": 34.04,
      "avg_wall_time_s": 1.358580436706543,
      "completed_calls": 25,
      "error_rate": 0.0,
      "infrastructure_errors": 0,
      "parse_rate": 1.0,
      "requested_calls": 25
    }
  },
  "requested_calls": 75,
  "roster_assignment_hash": "4957fed15daff7cca0dab72a32c67cc9d930a97769a6740afbdff07886f25b7d",
  "roster_contract_hash": "04b0e54fd7408483ad49e0ec8eea9a736a3d8951b557f8405ba4f3b55c9babc9",
  "schema_version": "RQ1VisOpsCellSummaryV1"
}
